dat\gfx\baum1.bmp
dat\gfx\blume1.bmp
dat\gfx\blume1_00.bmp
dat\gfx\blume2.bmp
dat\gfx\blume2_00.bmp
dat\gfx\busch_stumpf.bmp
dat\gfx\busch1.bmp
dat\gfx\busch1_00.bmp
dat\gfx\busch1_01.bmp
dat\gfx\busch1_02.bmp
dat\gfx\chicken.bmp
dat\gfx\chicken_l0.bmp
dat\gfx\chicken_l1.bmp
dat\gfx\chicken_r.bmp
dat\gfx\chicken_r0.bmp
dat\gfx\chicken_r1.bmp
dat\gfx\erde.bmp
dat\gfx\fass1.bmp
dat\gfx\gras1.bmp
dat\gfx\gras2.bmp
dat\gfx\gras3.bmp
dat\gfx\gras4.bmp
dat\gfx\gras5.bmp
dat\gfx\gras6.bmp
dat\gfx\gras7.bmp
dat\gfx\haus1.bmp
dat\gfx\heart_empty.bmp
dat\gfx\heart_full.bmp
dat\gfx\holzbank.bmp
dat\gfx\holzboden1.bmp
dat\gfx\holzsitz1.bmp
dat\gfx\holztisch1.bmp
dat\gfx\info.bmp
dat\gfx\krug1.bmp
dat\gfx\l_baum1.bmp
dat\gfx\life_title.bmp
dat\gfx\link1down.bmp
dat\gfx\link1down_fight.bmp
dat\gfx\link1down0.bmp
dat\gfx\link1left.bmp
dat\gfx\link1left_fight.bmp
dat\gfx\link1left0.bmp
dat\gfx\link1right.bmp
dat\gfx\link1right_fight.bmp
dat\gfx\link1right0.bmp
dat\gfx\link1up.bmp
dat\gfx\link1up_fight.bmp
dat\gfx\link1up0.bmp
dat\gfx\l-wand1.bmp
dat\gfx\l-wand2.bmp
dat\gfx\pflock.bmp
dat\gfx\pilze.bmp
dat\gfx\plateau1.bmp
dat\gfx\plateau2.bmp
dat\gfx\plateau3.bmp
dat\gfx\plateau4.bmp
dat\gfx\sm_baum1.bmp
dat\gfx\sm_haus1.bmp
dat\gfx\sm_statue1.bmp
dat\gfx\sm_torbogen.bmp
dat\gfx\soldier.bmp
dat\gfx\soldier_d0.bmp
dat\gfx\soldier_d1.bmp
dat\gfx\soldier_l0.bmp
dat\gfx\soldier_l1.bmp
dat\gfx\soldier_r0.bmp
dat\gfx\soldier_r1.bmp
dat\gfx\soldier_u0.bmp
dat\gfx\soldier_u1.bmp
dat\gfx\splash.bmp
dat\gfx\statue1.bmp
dat\gfx\stone.bmp
dat\gfx\stumpf1.bmp
dat\gfx\stumpf2.bmp
dat\gfx\sword_d0.bmp
dat\gfx\sword_d1.bmp
dat\gfx\sword_d2.bmp
dat\gfx\sword_d3.bmp
dat\gfx\sword_l0.bmp
dat\gfx\sword_l1.bmp
dat\gfx\sword_l2.bmp
dat\gfx\sword_l3.bmp
dat\gfx\sword_r0.bmp
dat\gfx\sword_r1.bmp
dat\gfx\sword_r2.bmp
dat\gfx\sword_r3.bmp
dat\gfx\sword_u0.bmp
dat\gfx\sword_u1.bmp
dat\gfx\sword_u2.bmp
dat\gfx\sword_u3.bmp
dat\gfx\teleport1.bmp
dat\gfx\teppich1.bmp
dat\gfx\torbogen.bmp
dat\gfx\treppe1.bmp
dat\gfx\wassergrippe.bmp
dat\gfx\zaun1.bmp
dat\obj\baum1.txt
dat\obj\blume1.txt
dat\obj\blume2.txt
dat\obj\busch_stumpf.txt
dat\obj\busch1.txt
dat\obj\chicken.txt
dat\obj\erde.txt
dat\obj\fass1.txt
dat\obj\gras1.txt
dat\obj\gras2.txt
dat\obj\gras3.txt
dat\obj\gras4.txt
dat\obj\gras7.txt
dat\obj\haus1.txt
dat\obj\holzbank.txt
dat\obj\holzboden1.txt
dat\obj\holzsitz1.txt
dat\obj\holztisch1.txt
dat\obj\info.txt
dat\obj\krug1.txt
dat\obj\l-wand1.txt
dat\obj\l-wand2.txt
dat\obj\pflock.txt
dat\obj\pilze.txt
dat\obj\plateau.txt
dat\obj\plateau1.txt
dat\obj\plateau2.txt
dat\obj\plateau3.txt
dat\obj\plateau4.txt
dat\obj\soldier.txt
dat\obj\statue1.txt
dat\obj\stone.txt
dat\obj\stumpf1.txt
dat\obj\stumpf2.txt
dat\obj\teleport1.txt
dat\obj\teppich1.txt
dat\obj\torbogen.txt
dat\obj\treppe1.txt
dat\obj\wassergrippe.txt
dat\obj\zaun1.txt
dat\snd\chicken\gluck.wav
dat\snd\cut.wav
dat\snd\enemy\hurt.wav
dat\snd\enemy\dying.wav
dat\snd\link\lift.wav
dat\snd\link\throw.wav
dat\snd\link\hurt.wav
dat\snd\link\health_warning.wav
dat\snd\sign\destroy.wav
dat\snd\step\grass.wav
dat\snd\sword\stroke.wav
dat\snd\triforce2.mid
dat\wrl\main.txt
dat\wrl\main2.txt
